分类: 📺央视频道, 名称: CCTV-1, 有效: 12, IPv4: 164, IPv6: 0, 最小延迟: 59 ms, 最高速率: 86.71 M/s, 平均速率: 17.33 M/s, 最高分辨率: 1920x1080, 平均帧率: 37.50, 视频编解码器: h264, 音频编解码器: aac
分类: 📺央视频道, 名称: CCTV-2, 有效: 18, IPv4: 158, IPv6: 0, 最小延迟: 48 ms, 最高速率: 98.85 M/s, 平均速率: 17.15 M/s, 最高分辨率: 1920x1080, 平均帧率: 37.50, 视频编解码器: h264, 音频编解码器: mp2
分类: 📺央视频道, 名称: CCTV-3, 有效: 11, IPv4: 151, IPv6: 0, 最小延迟: 54 ms, 最高速率: 93.29 M/s, 平均速率: 19.63 M/s, 最高分辨率: 1920x1080, 平均帧率: 未知, 视频编解码器: 未知, 音频编解码器: 未知
分类: 📺央视频道, 名称: CCTV-4, 有效: 12, IPv4: 169, IPv6: 0, 最小延迟: 61 ms, 最高速率: 89.71 M/s, 平均速率: 9.68 M/s, 最高分辨率: 1920x1080, 平均帧率: 35.00, 视频编解码器: h264, 音频编解码器: aac
分类: 📺央视频道, 名称: CCTV-5+, 有效: 10, IPv4: 117, IPv6: 0, 最小延迟: 52 ms, 最高速率: 99.81 M/s, 平均速率: 35.69 M/s, 最高分辨率: 1920x1080, 平均帧率: 37.50, 视频编解码器: h264, 音频编解码器: aac
分类: 📺央视频道, 名称: CCTV-5, 有效: 9, IPv4: 160, IPv6: 0, 最小延迟: 56 ms, 最高速率: 85.86 M/s, 平均速率: 27.77 M/s, 最高分辨率: 1920x1080, 平均帧率: 33.33, 视频编解码器: h264, 音频编解码器: aac
分类: 📺央视频道, 名称: CCTV-7, 有效: 7, IPv4: 147, IPv6: 0, 最小延迟: 51 ms, 最高速率: 98.87 M/s, 平均速率: 15.92 M/s, 最高分辨率: 1920x1080, 平均帧率: 34.17, 视频编解码器: h264, 音频编解码器: aac
分类: 📺央视频道, 名称: CCTV-6, 有效: 14, IPv4: 152, IPv6: 0, 最小延迟: 47 ms, 最高速率: 100.76 M/s, 平均速率: 21.16 M/s, 最高分辨率: 1920x1080, 平均帧率: 25.00, 视频编解码器: h264, 音频编解码器: aac
分类: 📺央视频道, 名称: CCTV-8, 有效: 17, IPv4: 156, IPv6: 0, 最小延迟: 46 ms, 最高速率: 105.82 M/s, 平均速率: 22.68 M/s, 最高分辨率: 1920x1080, 平均帧率: 25.00, 视频编解码器: h264, 音频编解码器: aac
分类: 📺央视频道, 名称: CCTV-9, 有效: 12, IPv4: 157, IPv6: 0, 最小延迟: 61 ms, 最高速率: 83.46 M/s, 平均速率: 11.76 M/s, 最高分辨率: 1920x1080, 平均帧率: 28.57, 视频编解码器: h264, 音频编解码器: aac
分类: 📺央视频道, 名称: CCTV-10, 有效: 11, IPv4: 153, IPv6: 0, 最小延迟: 50 ms, 最高速率: 99.56 M/s, 平均速率: 36.30 M/s, 最高分辨率: 1920x1080, 平均帧率: 40.00, 视频编解码器: h264, 音频编解码器: mp2
分类: 📺央视频道, 名称: CCTV-11, 有效: 10, IPv4: 149, IPv6: 0, 最小延迟: 46 ms, 最高速率: 106.39 M/s, 平均速率: 36.08 M/s, 最高分辨率: 1920x1080, 平均帧率: 37.50, 视频编解码器: h264, 音频编解码器: aac
分类: 📺央视频道, 名称: CCTV-12, 有效: 11, IPv4: 139, IPv6: 0, 最小延迟: 49 ms, 最高速率: 101.92 M/s, 平均速率: 33.34 M/s, 最高分辨率: 1920x1080, 平均帧率: 25.00, 视频编解码器: h264, 音频编解码器: aac
分类: 📺央视频道, 名称: CCTV-16, 有效: 8, IPv4: 97, IPv6: 0, 最小延迟: 49 ms, 最高速率: 98.18 M/s, 平均速率: 56.01 M/s, 最高分辨率: 3840x2160, 平均帧率: 42.50, 视频编解码器: h264, 音频编解码器: aac
分类: 📺央视频道, 名称: CCTV-13, 有效: 12, IPv4: 143, IPv6: 0, 最小延迟: 44 ms, 最高速率: 113.85 M/s, 平均速率: 37.39 M/s, 最高分辨率: 1920x1080, 平均帧率: 37.50, 视频编解码器: h264, 音频编解码器: aac
分类: 📺央视频道, 名称: CETV-3, 有效: 0, IPv4: 8, IPv6: 0, 最小延迟: 575 ms, 最高速率: 4.13 M/s, 平均速率: 0.00 M/s, 最高分辨率: 1280x720, 平均帧率: 36.67, 视频编解码器: h264, 音频编解码器: aac
分类: 📺央视频道, 名称: CETV-2, 有效: 0, IPv4: 39, IPv6: 0, 最小延迟: 882 ms, 最高速率: 5.79 M/s, 平均速率: 0.00 M/s, 最高分辨率: 720x576, 平均帧率: 25.00, 视频编解码器: h264, 音频编解码器: aac
分类: 📺央视频道, 名称: CETV-4, 有效: 0, IPv4: 51, IPv6: 0, 最小延迟: 873 ms, 最高速率: 5.74 M/s, 平均速率: 0.00 M/s, 最高分辨率: 720x576, 平均帧率: 25.00, 视频编解码器: h264, 音频编解码器: aac
分类: 📺央视频道, 名称: CETV-1, 有效: 7, IPv4: 69, IPv6: 0, 最小延迟: 528 ms, 最高速率: 5.54 M/s, 平均速率: 3.29 M/s, 最高分辨率: 1920x1080, 平均帧率: 未知, 视频编解码器: 未知, 音频编解码器: 未知
分类: 📺央视频道, 名称: CCTV-14, 有效: 12, IPv4: 139, IPv6: 0, 最小延迟: 56 ms, 最高速率: 90.55 M/s, 平均速率: 24.24 M/s, 最高分辨率: 1920x1080, 平均帧率: 25.00, 视频编解码器: h264, 音频编解码器: aac
分类: 📺央视频道, 名称: CCTV-15, 有效: 14, IPv4: 141, IPv6: 0, 最小延迟: 49 ms, 最高速率: 103.01 M/s, 平均速率: 26.89 M/s, 最高分辨率: 1920x1080, 平均帧率: 25.00, 视频编解码器: h264, 音频编解码器: aac
分类: 📡卫视频道, 名称: 香港卫视, 有效: 0, IPv4: 8, IPv6: 0, 最小延迟: -1 ms, 最高速率: 0.00 M/s, 平均速率: 0.00 M/s, 最高分辨率: None, 平均帧率: 未知, 视频编解码器: 未知, 音频编解码器: 未知
分类: 📺央视频道, 名称: CCTV-17, 有效: 13, IPv4: 106, IPv6: 0, 最小延迟: 57 ms, 最高速率: 93.77 M/s, 平均速率: 30.23 M/s, 最高分辨率: 1920x1080, 平均帧率: 未知, 视频编解码器: 未知, 音频编解码器: 未知
分类: 📡卫视频道, 名称: 广东卫视, 有效: 17, IPv4: 340, IPv6: 0, 最小延迟: 51 ms, 最高速率: 98.85 M/s, 平均速率: 38.10 M/s, 最高分辨率: 3840x2160, 平均帧率: 25.00, 视频编解码器: h264, 音频编解码器: mp2
分类: 📡卫视频道, 名称: 浙江卫视, 有效: 18, IPv4: 117, IPv6: 0, 最小延迟: 46 ms, 最高速率: 106.74 M/s, 平均速率: 40.74 M/s, 最高分辨率: 3840x2160, 平均帧率: 37.50, 视频编解码器: h264, 音频编解码器: aac
分类: 📡卫视频道, 名称: 湖南卫视, 有效: 19, IPv4: 329, IPv6: 0, 最小延迟: 50 ms, 最高速率: 111.40 M/s, 平均速率: 33.10 M/s, 最高分辨率: 3840x2160, 平均帧率: 41.67, 视频编解码器: h264, 音频编解码器: mp2
分类: 📡卫视频道, 名称: 北京卫视, 有效: 14, IPv4: 142, IPv6: 0, 最小延迟: 49 ms, 最高速率: 103.16 M/s, 平均速率: 47.26 M/s, 最高分辨率: 1920x1080, 平均帧率: 41.67, 视频编解码器: h264, 音频编解码器: mp2
分类: 📡卫视频道, 名称: 湖北卫视, 有效: 15, IPv4: 305, IPv6: 0, 最小延迟: 48 ms, 最高速率: 101.91 M/s, 平均速率: 31.34 M/s, 最高分辨率: 1920x1080, 平均帧率: 50.00, 视频编解码器: h264, 音频编解码器: ac3
分类: 📡卫视频道, 名称: 黑龙江卫视, 有效: 15, IPv4: 116, IPv6: 0, 最小延迟: 53 ms, 最高速率: 91.40 M/s, 平均速率: 40.29 M/s, 最高分辨率: 1920x1080, 平均帧率: 37.50, 视频编解码器: h264, 音频编解码器: ac3
分类: 📡卫视频道, 名称: 安徽卫视, 有效: 13, IPv4: 292, IPv6: 0, 最小延迟: 51 ms, 最高速率: 106.82 M/s, 平均速率: 54.57 M/s, 最高分辨率: 1920x1080, 平均帧率: 50.00, 视频编解码器: h264, 音频编解码器: mp2
分类: 📡卫视频道, 名称: 贵州卫视, 有效: 20, IPv4: 276, IPv6: 0, 最小延迟: 52 ms, 最高速率: 99.16 M/s, 平均速率: 41.98 M/s, 最高分辨率: 1920x1080, 平均帧率: 50.00, 视频编解码器: h264, 音频编解码器: mp2
分类: 📡卫视频道, 名称: 重庆卫视, 有效: 13, IPv4: 123, IPv6: 0, 最小延迟: 49 ms, 最高速率: 88.10 M/s, 平均速率: 42.53 M/s, 最高分辨率: 1920x1080, 平均帧率: 50.00, 视频编解码器: h264, 音频编解码器: mp2
分类: 📡卫视频道, 名称: 东方卫视, 有效: 17, IPv4: 125, IPv6: 0, 最小延迟: 46 ms, 最高速率: 91.86 M/s, 平均速率: 36.09 M/s, 最高分辨率: 1920x1080, 平均帧率: 未知, 视频编解码器: 未知, 音频编解码器: 未知
分类: 📡卫视频道, 名称: 广西卫视, 有效: 16, IPv4: 102, IPv6: 0, 最小延迟: 48 ms, 最高速率: 105.66 M/s, 平均速率: 49.80 M/s, 最高分辨率: 1920x1080, 平均帧率: 50.00, 视频编解码器: h264, 音频编解码器: ac3
分类: 📡卫视频道, 名称: 东南卫视, 有效: 18, IPv4: 98, IPv6: 0, 最小延迟: 49 ms, 最高速率: 98.22 M/s, 平均速率: 41.80 M/s, 最高分辨率: 1920x1080, 平均帧率: 37.50, 视频编解码器: h264, 音频编解码器: ac3
分类: 📡卫视频道, 名称: 甘肃卫视, 有效: 6, IPv4: 68, IPv6: 0, 最小延迟: 735 ms, 最高速率: 6.06 M/s, 平均速率: 4.24 M/s, 最高分辨率: 1920x1080, 平均帧率: 37.50, 视频编解码器: h264, 音频编解码器: mp2
分类: 📡卫视频道, 名称: 海南卫视, 有效: 11, IPv4: 78, IPv6: 0, 最小延迟: 50 ms, 最高速率: 103.90 M/s, 平均速率: 65.56 M/s, 最高分辨率: 1920x1080, 平均帧率: 37.50, 视频编解码器: h264, 音频编解码器: ac3
分类: 📡卫视频道, 名称: 河北卫视, 有效: 6, IPv4: 102, IPv6: 0, 最小延迟: 788 ms, 最高速率: 5.56 M/s, 平均速率: 1.80 M/s, 最高分辨率: 1920x1080, 平均帧率: 50.00, 视频编解码器: h264, 音频编解码器: ac3
分类: 📡卫视频道, 名称: 江苏卫视, 有效: 21, IPv4: 133, IPv6: 0, 最小延迟: 46 ms, 最高速率: 96.69 M/s, 平均速率: 33.55 M/s, 最高分辨率: 1920x1080, 平均帧率: 25.00, 视频编解码器: h264, 音频编解码器: aac
分类: 📡卫视频道, 名称: 吉林卫视, 有效: 11, IPv4: 253, IPv6: 0, 最小延迟: 48 ms, 最高速率: 99.19 M/s, 平均速率: 43.31 M/s, 最高分辨率: 1920x1080, 平均帧率: 37.50, 视频编解码器: h264, 音频编解码器: mp2
分类: 📡卫视频道, 名称: 河南卫视, 有效: 13, IPv4: 120, IPv6: 0, 最小延迟: 48 ms, 最高速率: 108.04 M/s, 平均速率: 64.21 M/s, 最高分辨率: 1920x1080, 平均帧率: 41.67, 视频编解码器: h264, 音频编解码器: mp2
分类: 📡卫视频道, 名称: 江西卫视, 有效: 14, IPv4: 299, IPv6: 0, 最小延迟: 47 ms, 最高速率: 79.49 M/s, 平均速率: 38.47 M/s, 最高分辨率: 1920x1080, 平均帧率: 28.12, 视频编解码器: h264, 音频编解码器: mp2
分类: 📡卫视频道, 名称: 宁夏卫视, 有效: 7, IPv4: 164, IPv6: 0, 最小延迟: 51 ms, 最高速率: 100.93 M/s, 平均速率: 78.47 M/s, 最高分辨率: 1920x1080, 平均帧率: 25.00, 视频编解码器: h264, 音频编解码器: aac
分类: 📡卫视频道, 名称: 内蒙古卫视, 有效: 9, IPv4: 136, IPv6: 0, 最小延迟: 62 ms, 最高速率: 77.92 M/s, 平均速率: 32.66 M/s, 最高分辨率: 1920x1080, 平均帧率: 31.25, 视频编解码器: mpeg2video, 音频编解码器: mp2
分类: 📡卫视频道, 名称: 辽宁卫视, 有效: 6, IPv4: 112, IPv6: 0, 最小延迟: 949 ms, 最高速率: 4.82 M/s, 平均速率: 4.04 M/s, 最高分辨率: 1920x1080, 平均帧率: 30.00, 视频编解码器: h264, 音频编解码器: aac
分类: 📡卫视频道, 名称: 青海卫视, 有效: 11, IPv4: 75, IPv6: 0, 最小延迟: 47 ms, 最高速率: 112.65 M/s, 平均速率: 69.28 M/s, 最高分辨率: 1920x1080, 平均帧率: 35.00, 视频编解码器: h264, 音频编解码器: aac
分类: 📡卫视频道, 名称: 山东卫视, 有效: 15, IPv4: 108, IPv6: 0, 最小延迟: 48 ms, 最高速率: 96.43 M/s, 平均速率: 37.83 M/s, 最高分辨率: 1920x1080, 平均帧率: 33.33, 视频编解码器: h264, 音频编解码器: ac3
分类: 📡卫视频道, 名称: 山西卫视, 有效: 5, IPv4: 65, IPv6: 0, 最小延迟: 51 ms, 最高速率: 97.20 M/s, 平均速率: 39.54 M/s, 最高分辨率: 1920x1080, 平均帧率: 25.00, 视频编解码器: h264, 音频编解码器: mp2
分类: 📡卫视频道, 名称: 陕西卫视, 有效: 3, IPv4: 171, IPv6: 0, 最小延迟: 46 ms, 最高速率: 115.62 M/s, 平均速率: 40.57 M/s, 最高分辨率: 1920x1080, 平均帧率: 35.71, 视频编解码器: h264, 音频编解码器: mp2
分类: 📡卫视频道, 名称: 深圳卫视, 有效: 20, IPv4: 122, IPv6: 0, 最小延迟: 47 ms, 最高速率: 83.58 M/s, 平均速率: 24.12 M/s, 最高分辨率: 1920x1080, 平均帧率: 50.00, 视频编解码器: h264, 音频编解码器: ac3
分类: 📡卫视频道, 名称: 四川卫视, 有效: 16, IPv4: 121, IPv6: 0, 最小延迟: 44 ms, 最高速率: 102.86 M/s, 平均速率: 55.16 M/s, 最高分辨率: 1920x1080, 平均帧率: 35.00, 视频编解码器: h264, 音频编解码器: ac3
分类: 📡卫视频道, 名称: 三沙卫视, 有效: 7, IPv4: 43, IPv6: 0, 最小延迟: 45 ms, 最高速率: 99.66 M/s, 平均速率: 72.89 M/s, 最高分辨率: 1920x1080, 平均帧率: 25.00, 视频编解码器: h264, 音频编解码器: mp2
分类: 🌊港·澳·台, 名称: 明珠台, 有效: 0, IPv4: 10, IPv6: 0, 最小延迟: -1 ms, 最高速率: 0.00 M/s, 平均速率: 0.00 M/s, 最高分辨率: None, 平均帧率: 未知, 视频编解码器: 未知, 音频编解码器: 未知
分类: 🌊港·澳·台, 名称: 凤凰卫视, 有效: 1, IPv4: 2, IPv6: 0, 最小延迟: 51 ms, 最高速率: 102.53 M/s, 平均速率: 102.53 M/s, 最高分辨率: 1920x1080, 平均帧率: 未知, 视频编解码器: 未知, 音频编解码器: 未知
分类: 🌊港·澳·台, 名称: J2, 有效: 0, IPv4: 1, IPv6: 0, 最小延迟: -1 ms, 最高速率: 0.00 M/s, 平均速率: 0.00 M/s, 最高分辨率: None, 平均帧率: 未知, 视频编解码器: 未知, 音频编解码器: 未知
分类: 🌊港·澳·台, 名称: 三立台湾, 有效: 0, IPv4: 3, IPv6: 0, 最小延迟: -1 ms, 最高速率: 0.00 M/s, 平均速率: 0.00 M/s, 最高分辨率: None, 平均帧率: 未知, 视频编解码器: 未知, 音频编解码器: 未知
分类: 🌊港·澳·台, 名称: 纬来育乐, 有效: 0, IPv4: 9, IPv6: 0, 最小延迟: -1 ms, 最高速率: 0.00 M/s, 平均速率: 0.00 M/s, 最高分辨率: None, 平均帧率: 未知, 视频编解码器: 未知, 音频编解码器: 未知
分类: 📡卫视频道, 名称: 西藏卫视, 有效: 9, IPv4: 125, IPv6: 0, 最小延迟: 45 ms, 最高速率: 118.93 M/s, 平均速率: 25.18 M/s, 最高分辨率: 1920x1080, 平均帧率: 42.50, 视频编解码器: h264, 音频编解码器: mp2
分类: 🌊港·澳·台, 名称: 三立新闻, 有效: 0, IPv4: 7, IPv6: 0, 最小延迟: -1 ms, 最高速率: 0.00 M/s, 平均速率: 0.00 M/s, 最高分辨率: 1920x1080, 平均帧率: 未知, 视频编解码器: 未知, 音频编解码器: 未知
分类: 🌊港·澳·台, 名称: TVBS亚洲, 有效: 5, IPv4: 9, IPv6: 0, 最小延迟: 2125 ms, 最高速率: 1.03 M/s, 平均速率: 0.80 M/s, 最高分辨率: 1920x1080, 平均帧率: 未知, 视频编解码器: 未知, 音频编解码器: 未知
分类: 🌊港·澳·台, 名称: 纬来体育, 有效: 0, IPv4: 7, IPv6: 0, 最小延迟: -1 ms, 最高速率: 0.00 M/s, 平均速率: 0.00 M/s, 最高分辨率: None, 平均帧率: 未知, 视频编解码器: 未知, 音频编解码器: 未知
分类: 🌊港·澳·台, 名称: 东森超视, 有效: 3, IPv4: 6, IPv6: 0, 最小延迟: 1222 ms, 最高速率: 1.36 M/s, 平均速率: 1.02 M/s, 最高分辨率: 1920x1080, 平均帧率: 未知, 视频编解码器: 未知, 音频编解码器: 未知
分类: 🌊港·澳·台, 名称: Now华剧, 有效: 0, IPv4: 3, IPv6: 0, 最小延迟: -1 ms, 最高速率: 0.00 M/s, 平均速率: 0.00 M/s, 最高分辨率: None, 平均帧率: 未知, 视频编解码器: 未知, 音频编解码器: 未知
分类: 🌊港·澳·台, 名称: 靖天资讯, 有效: 0, IPv4: 5, IPv6: 0, 最小延迟: -1 ms, 最高速率: 0.00 M/s, 平均速率: 0.00 M/s, 最高分辨率: None, 平均帧率: 未知, 视频编解码器: 未知, 音频编解码器: 未知
分类: 🌊港·澳·台, 名称: Now剧集, 有效: 0, IPv4: 3, IPv6: 0, 最小延迟: -1 ms, 最高速率: 0.00 M/s, 平均速率: 0.00 M/s, 最高分辨率: None, 平均帧率: 未知, 视频编解码器: 未知, 音频编解码器: 未知
分类: 🌊港·澳·台, 名称: 东森综合, 有效: 0, IPv4: 6, IPv6: 0, 最小延迟: -1 ms, 最高速率: 0.00 M/s, 平均速率: 0.00 M/s, 最高分辨率: None, 平均帧率: 未知, 视频编解码器: 未知, 音频编解码器: 未知
分类: 🌊港·澳·台, 名称: 东森电影, 有效: 1, IPv4: 9, IPv6: 0, 最小延迟: 582 ms, 最高速率: 1.21 M/s, 平均速率: 1.21 M/s, 最高分辨率: 1920x1080, 平均帧率: 未知, 视频编解码器: 未知, 音频编解码器: 未知
分类: 🌊港·澳·台, 名称: 星卫娱乐, 有效: 0, IPv4: 2, IPv6: 0, 最小延迟: -1 ms, 最高速率: 0.00 M/s, 平均速率: 0.00 M/s, 最高分辨率: None, 平均帧率: 未知, 视频编解码器: 未知, 音频编解码器: 未知
分类: 🎬电影频道, 名称: 淘电影, 有效: 0, IPv4: 1, IPv6: 0, 最小延迟: -1 ms, 最高速率: 0.00 M/s, 平均速率: 0.00 M/s, 最高分辨率: None, 平均帧率: 未知, 视频编解码器: 未知, 音频编解码器: 未知
分类: 🎬电影频道, 名称: CHC高清电影, 有效: 0, IPv4: 8, IPv6: 0, 最小延迟: -1 ms, 最高速率: 0.00 M/s, 平均速率: 0.00 M/s, 最高分辨率: None, 平均帧率: 未知, 视频编解码器: 未知, 音频编解码器: 未知
分类: 📡卫视频道, 名称: 新疆卫视, 有效: 8, IPv4: 137, IPv6: 0, 最小延迟: 45 ms, 最高速率: 108.45 M/s, 平均速率: 67.48 M/s, 最高分辨率: 1920x1080, 平均帧率: 37.50, 视频编解码器: h264, 音频编解码器: aac
分类: 📡卫视频道, 名称: 天津卫视, 有效: 11, IPv4: 111, IPv6: 0, 最小延迟: 47 ms, 最高速率: 101.56 M/s, 平均速率: 42.09 M/s, 最高分辨率: 1920x1080, 平均帧率: 41.67, 视频编解码器: h264, 音频编解码器: mp2
分类: 🎬电影频道, 名称: 淘剧场, 有效: 0, IPv4: 4, IPv6: 0, 最小延迟: -1 ms, 最高速率: 0.00 M/s, 平均速率: 0.00 M/s, 最高分辨率: None, 平均帧率: 未知, 视频编解码器: 未知, 音频编解码器: 未知
分类: 🎬电影频道, 名称: 靖天映画, 有效: 0, IPv4: 8, IPv6: 0, 最小延迟: -1 ms, 最高速率: 0.00 M/s, 平均速率: 0.00 M/s, 最高分辨率: 1920x1080, 平均帧率: 未知, 视频编解码器: 未知, 音频编解码器: 未知
分类: 🎬电影频道, 名称: 艾尔达娱乐, 有效: 0, IPv4: 2, IPv6: 0, 最小延迟: -1 ms, 最高速率: 0.00 M/s, 平均速率: 0.00 M/s, 最高分辨率: None, 平均帧率: 未知, 视频编解码器: 未知, 音频编解码器: 未知
分类: 🎬电影频道, 名称: 靖天戏剧, 有效: 0, IPv4: 7, IPv6: 0, 最小延迟: -1 ms, 最高速率: 0.00 M/s, 平均速率: 0.00 M/s, 最高分辨率: None, 平均帧率: 未知, 视频编解码器: 未知, 音频编解码器: 未知
分类: 🎬电影频道, 名称: 淘娱乐, 有效: 0, IPv4: 3, IPv6: 0, 最小延迟: -1 ms, 最高速率: 0.00 M/s, 平均速率: 0.00 M/s, 最高分辨率: None, 平均帧率: 未知, 视频编解码器: 未知, 音频编解码器: 未知
分类: 🎬电影频道, 名称: 私人影院, 有效: 0, IPv4: 1, IPv6: 0, 最小延迟: -1 ms, 最高速率: 0.00 M/s, 平均速率: 0.00 M/s, 最高分辨率: None, 平均帧率: 未知, 视频编解码器: 未知, 音频编解码器: 未知
分类: 🎬电影频道, 名称: NewTV惊悚悬疑, 有效: 2, IPv4: 7, IPv6: 0, 最小延迟: 48 ms, 最高速率: 106.12 M/s, 平均速率: 93.79 M/s, 最高分辨率: 1920x1080, 平均帧率: 未知, 视频编解码器: 未知, 音频编解码器: 未知
分类: 🎬电影频道, 名称: NewTV动作电影, 有效: 0, IPv4: 4, IPv6: 0, 最小延迟: -1 ms, 最高速率: 0.00 M/s, 平均速率: 0.00 M/s, 最高分辨率: None, 平均帧率: 未知, 视频编解码器: 未知, 音频编解码器: 未知
分类: 🎬电影频道, 名称: 黑莓电影, 有效: 2, IPv4: 13, IPv6: 0, 最小延迟: 56 ms, 最高速率: 96.58 M/s, 平均速率: 95.12 M/s, 最高分辨率: 1920x1080, 平均帧率: 未知, 视频编解码器: 未知, 音频编解码器: 未知
分类: 🎬电影频道, 名称: 龙祥电影, 有效: 0, IPv4: 5, IPv6: 0, 最小延迟: -1 ms, 最高速率: 0.00 M/s, 平均速率: 0.00 M/s, 最高分辨率: None, 平均帧率: 未知, 视频编解码器: 未知, 音频编解码器: 未知
分类: 🎬电影频道, 名称: 纬来电影, 有效: 0, IPv4: 14, IPv6: 0, 最小延迟: -1 ms, 最高速率: 0.00 M/s, 平均速率: 0.00 M/s, 最高分辨率: 1920x1080, 平均帧率: 未知, 视频编解码器: 未知, 音频编解码器: 未知
分类: 🎬电影频道, 名称: 天映经典, 有效: 0, IPv4: 8, IPv6: 0, 最小延迟: -1 ms, 最高速率: 0.00 M/s, 平均速率: 0.00 M/s, 最高分辨率: None, 平均帧率: 未知, 视频编解码器: 未知, 音频编解码器: 未知
分类: 🎬电影频道, 名称: IPTV经典电影, 有效: 0, IPv4: 2, IPv6: 0, 最小延迟: -1 ms, 最高速率: 0.00 M/s, 平均速率: 0.00 M/s, 最高分辨率: None, 平均帧率: 未知, 视频编解码器: 未知, 音频编解码器: 未知
分类: 🎬电影频道, 名称: 星空卫视, 有效: 0, IPv4: 3, IPv6: 0, 最小延迟: -1 ms, 最高速率: 0.00 M/s, 平均速率: 0.00 M/s, 最高分辨率: None, 平均帧率: 未知, 视频编解码器: 未知, 音频编解码器: 未知
分类: 🎬电影频道, 名称: 东森洋片, 有效: 0, IPv4: 11, IPv6: 0, 最小延迟: -1 ms, 最高速率: 0.00 M/s, 平均速率: 0.00 M/s, 最高分辨率: None, 平均帧率: 未知, 视频编解码器: 未知, 音频编解码器: 未知
分类: 🪁动画频道, 名称: 少儿动画, 有效: 0, IPv4: 15, IPv6: 0, 最小延迟: -1 ms, 最高速率: 0.00 M/s, 平均速率: 0.00 M/s, 最高分辨率: None, 平均帧率: 未知, 视频编解码器: 未知, 音频编解码器: 未知
分类: 🪁动画频道, 名称: 青春动漫, 有效: 0, IPv4: 1, IPv6: 0, 最小延迟: -1 ms, 最高速率: 0.00 M/s, 平均速率: 0.00 M/s, 最高分辨率: None, 平均帧率: 未知, 视频编解码器: 未知, 音频编解码器: 未知
分类: 🪁动画频道, 名称: 爱动漫, 有效: 0, IPv4: 1, IPv6: 0, 最小延迟: -1 ms, 最高速率: 0.00 M/s, 平均速率: 0.00 M/s, 最高分辨率: None, 平均帧率: 未知, 视频编解码器: 未知, 音频编解码器: 未知
分类: 🎬电影频道, 名称: CHC动作电影, 有效: 6, IPv4: 24, IPv6: 0, 最小延迟: 43 ms, 最高速率: 116.84 M/s, 平均速率: 39.52 M/s, 最高分辨率: 1920x1080, 平均帧率: 未知, 视频编解码器: 未知, 音频编解码器: 未知
分类: 🪁动画频道, 名称: 新动漫, 有效: 0, IPv4: 10, IPv6: 0, 最小延迟: -1 ms, 最高速率: 0.00 M/s, 平均速率: 0.00 M/s, 最高分辨率: None, 平均帧率: 未知, 视频编解码器: 未知, 音频编解码器: 未知
分类: 🌊港·澳·台, 名称: 翡翠台, 有效: 0, IPv4: 14, IPv6: 0, 最小延迟: 10556 ms, 最高速率: 0.07 M/s, 平均速率: 0.00 M/s, 最高分辨率: 720x576, 平均帧率: 25.00, 视频编解码器: hevc, 音频编解码器: mp2
分类: 🌊港·澳·台, 名称: 凤凰中文, 有效: 4, IPv4: 45, IPv6: 0, 最小延迟: 52 ms, 最高速率: 99.43 M/s, 平均速率: 49.47 M/s, 最高分辨率: 1920x1080, 平均帧率: 29.17, 视频编解码器: h264, 音频编解码器: mp2
分类: 🎬电影频道, 名称: 经典电影, 有效: 0, IPv4: 30, IPv6: 0, 最小延迟: 209 ms, 最高速率: 0.18 M/s, 平均速率: 0.00 M/s, 最高分辨率: 1920x1080, 平均帧率: 24.00, 视频编解码器: h264, 音频编解码器: aac
分类: 🎬电影频道, 名称: CHC家庭影院, 有效: 7, IPv4: 22, IPv6: 0, 最小延迟: 53 ms, 最高速率: 94.31 M/s, 平均速率: 25.53 M/s, 最高分辨率: 1920x1080, 平均帧率: 未知, 视频编解码器: 未知, 音频编解码器: 未知
分类: 🌊港·澳·台, 名称: 凤凰资讯, 有效: 2, IPv4: 13, IPv6: 0, 最小延迟: 48 ms, 最高速率: 110.38 M/s, 平均速率: 55.87 M/s, 最高分辨率: 1920x1080, 平均帧率: 25.00, 视频编解码器: h264, 音频编解码器: aac
分类: 🌊港·澳·台, 名称: 凤凰香港, 有效: 2, IPv4: 12, IPv6: 0, 最小延迟: 415 ms, 最高速率: 1.86 M/s, 平均速率: 1.59 M/s, 最高分辨率: 1920x1080, 平均帧率: 25.00, 视频编解码器: h264, 音频编解码器: aac
分类: 🪁动画频道, 名称: 卡酷动画, 有效: 8, IPv4: 46, IPv6: 0, 最小延迟: 50 ms, 最高速率: 101.72 M/s, 平均速率: 60.27 M/s, 最高分辨率: 1920x1080, 平均帧率: 未知, 视频编解码器: 未知, 音频编解码器: 未知
分类: 🪁动画频道, 名称: 动漫秀场, 有效: 4, IPv4: 31, IPv6: 0, 最小延迟: 51 ms, 最高速率: 101.86 M/s, 平均速率: 93.62 M/s, 最高分辨率: 1920x1080, 平均帧率: 未知, 视频编解码器: 未知, 音频编解码器: 未知
分类: 🪁动画频道, 名称: 宝宝动画, 有效: 0, IPv4: 2, IPv6: 0, 最小延迟: 10199 ms, 最高速率: 0.20 M/s, 平均速率: 0.00 M/s, 最高分辨率: 1920x1080, 平均帧率: 未知, 视频编解码器: 未知, 音频编解码器: 未知
分类: 🌊港·澳·台, 名称: 无线新闻, 有效: 0, IPv4: 23, IPv6: 0, 最小延迟: 409 ms, 最高速率: 1.54 M/s, 平均速率: 0.00 M/s, 最高分辨率: 1280x720, 平均帧率: 28.31, 视频编解码器: h264, 音频编解码器: aac
分类: 📡卫视频道, 名称: 云南卫视, 有效: 8, IPv4: 86, IPv6: 0, 最小延迟: 51 ms, 最高速率: 95.60 M/s, 平均速率: 45.38 M/s, 最高分辨率: 1920x1080, 平均帧率: 41.67, 视频编解码器: h264, 音频编解码器: mp2
分类: 🪁动画频道, 名称: 黑莓动画, 有效: 2, IPv4: 9, IPv6: 0, 最小延迟: 52 ms, 最高速率: 102.68 M/s, 平均速率: 94.86 M/s, 最高分辨率: 1920x1080, 平均帧率: 未知, 视频编解码器: 未知, 音频编解码器: 未知
分类: 🪁动画频道, 名称: 优漫卡通, 有效: 2, IPv4: 49, IPv6: 0, 最小延迟: 56 ms, 最高速率: 93.53 M/s, 平均速率: 85.67 M/s, 最高分辨率: 1920x1080, 平均帧率: 50.00, 视频编解码器: h264, 音频编解码器: aac
分类: 🎵音乐频道, 名称: 音乐调频广播, 有效: 0, IPv4: 1, IPv6: 0, 最小延迟: -1 ms, 最高速率: 0.00 M/s, 平均速率: 0.00 M/s, 最高分辨率: None, 平均帧率: 未知, 视频编解码器: 未知, 音频编解码器: 未知
分类: 🪁动画频道, 名称: 河北少儿科教, 有效: 0, IPv4: 1, IPv6: 0, 最小延迟: -1 ms, 最高速率: 0.00 M/s, 平均速率: 0.00 M/s, 最高分辨率: None, 平均帧率: 未知, 视频编解码器: 未知, 音频编解码器: 未知
分类: 🪁动画频道, 名称: 七龙珠, 有效: 0, IPv4: 2, IPv6: 0, 最小延迟: -1 ms, 最高速率: 0.00 M/s, 平均速率: 0.00 M/s, 最高分辨率: None, 平均帧率: 未知, 视频编解码器: 未知, 音频编解码器: 未知
分类: 🪁动画频道, 名称: 浙江少儿, 有效: 2, IPv4: 6, IPv6: 0, 最小延迟: 1101 ms, 最高速率: 0.59 M/s, 平均速率: 0.55 M/s, 最高分辨率: 1920x1080, 平均帧率: 未知, 视频编解码器: 未知, 音频编解码器: 未知
分类: 🪁动画频道, 名称: 猫和老鼠, 有效: 0, IPv4: 3, IPv6: 0, 最小延迟: -1 ms, 最高速率: 0.00 M/s, 平均速率: 0.00 M/s, 最高分辨率: None, 平均帧率: 未知, 视频编解码器: 未知, 音频编解码器: 未知
分类: 🎮游戏频道, 名称: 游戏竞技, 有效: 0, IPv4: 3, IPv6: 0, 最小延迟: -1 ms, 最高速率: 0.00 M/s, 平均速率: 0.00 M/s, 最高分辨率: None, 平均帧率: 未知, 视频编解码器: 未知, 音频编解码器: 未知
分类: 🎵音乐频道, 名称: 风云音乐, 有效: 4, IPv4: 29, IPv6: 0, 最小延迟: 52 ms, 最高速率: 101.41 M/s, 平均速率: 51.27 M/s, 最高分辨率: 1920x1080, 平均帧率: 未知, 视频编解码器: 未知, 音频编解码器: 未知
分类: 🪁动画频道, 名称: 金鹰卡通, 有效: 5, IPv4: 138, IPv6: 0, 最小延迟: 53 ms, 最高速率: 95.81 M/s, 平均速率: 85.03 M/s, 最高分辨率: 1920x1080, 平均帧率: 40.00, 视频编解码器: h264, 音频编解码器: mp2
分类: 🎵音乐频道, 名称: 音乐现场, 有效: 0, IPv4: 2, IPv6: 0, 最小延迟: 170 ms, 最高速率: 0.65 M/s, 平均速率: 0.00 M/s, 最高分辨率: None, 平均帧率: 未知, 视频编解码器: 未知, 音频编解码器: aac
分类: 🪁动画频道, 名称: 炫动卡通, 有效: 8, IPv4: 71, IPv6: 0, 最小延迟: 50 ms, 最高速率: 87.14 M/s, 平均速率: 55.65 M/s, 最高分辨率: 1920x1080, 平均帧率: 25.00, 视频编解码器: h264, 音频编解码器: aac
分类: 🎮游戏频道, 名称: 电竞天堂, 有效: 0, IPv4: 3, IPv6: 0, 最小延迟: 10142 ms, 最高速率: 0.16 M/s, 平均速率: 0.00 M/s, 最高分辨率: 1920x1080, 平均帧率: 未知, 视频编解码器: 未知, 音频编解码器: 未知
分类: 🎮游戏频道, 名称: 游戏风云, 有效: 0, IPv4: 26, IPv6: 0, 最小延迟: 1143 ms, 最高速率: 0.05 M/s, 平均速率: 0.00 M/s, 最高分辨率: 1920x1080, 平均帧率: 30.00, 视频编解码器: h264, 音频编解码器: aac
